#git configurations

-->First clone the repo, to the local. 
-->To set your account's default identity.git

git config --global user.name "kalindalapreethiyadav"
git config --global user.email "kpreethiyadav579@gmail.com"

git init                     # Initialize a new Git repository
git clone <repo-url>        # Clone an existing repository


git status                  # Show the status of changes
git add <file>              # Stage a specific file
git add .                   # Stage all changes
git commit -m "Message"     # Commit staged changes with a message

git branch                  # List branches
git branch <name>           # Create a new branch
git checkout <name>         # Switch to a branch
git checkout -b <name>      # Create and switch to a new branch
git merge <branch>          # Merge a branch into the current one
s
git remote add origin <url> # Add a remote repository
git push -u origin main     # Push changes to remote (first time)
git push                    # Push changes
git pull                    # Pull latest changes

git log                     # View commit history
git log --oneline           # Compact view of history
git diff                    # Show changes not yet staged
git diff --staged           # Show staged changes

git reset <file>            # Unstage a file
git checkout -- <file>      # Discard changes in a file
git revert <commit>         # Revert a specific commit
git reset --hard <commit>   # Reset to a specific commit (dangerous!)

************Fetch vs Pull *************************************************************
git fetch origin            # downloads changes from the remote repository but does not apply them to your current working branch.
git pull                    # git fetch + git merge --downloads and merges latest changes to local.

git push origin main

#origin --> means remote repository: push my local main reposiory to remote repository

$ git remote -v
origin  https://github.com/kalindalapreethiyadav/system_desgin.git (fetch)
origin  https://github.com/kalindalapreethiyadav/system_desgin.git (push) 

git remote -v
git remote add origin https://github.com/user/project.git #Add a remote
git remote set-url origin https://github.com/user/new-project.git #Change remote URL
git remote remove origin #Remove a remote


# git merge vs git rebase
git merge # Combines histories of two branches, creating a new merge commit.
git rebase #Rewrites the commit history by placing your changes on top of another branch.


 $git rebase -i main
 #%s/^pick/s    --- select s or pick as per requirement, resolve conflicts
 $git rebase --continue
 $git rebase --abort

 # Squash only required number of commit ids

$ git rebase -i HEAD~4

'''
You can replace pick with:
reword: Change the commit message.
edit: Pause to amend the commit.
squash: Combine this commit with the one before it.
fixup: Like squash, but discard this commit’s message.
drop: Remove the commit.'''

 $ git merge feature_branch
 git merge --abort
 git merge --continue

# Reset vs revert
$ git reset <commit-id>    # reset the commit id in local respository 
$ git revert <commit-id>  # reset the commit id in remote respository

git reset --hard HEAD~1
git revert HEAD

reset --hard: Deletes the last commit and changes — destructive.
revert: Creates a new commit that undoes the last one — safe for shared branches.

# Stash
#You're working on a feature in a Git repository, and you've made some changes to two files: index.html, style.css
#But suddenly, you're asked to switch branches to fix a bug. You don’t want to commit your current changes yet, but you also can’t switch branches with uncommitted changes.

ommand	What It Does
git stash # Saves uncommitted changes
git stash list	# Shows all saved stashes
git stash apply	# Applies stash but keeps it
git stash pop	# Applies stash and removes it
git stash drop	# Deletes a specific stash
git stash clear	# Deletes all stashes

$ git stash list
stash@{0}: WIP on feature/basic-python: 0049265 added commands
$ git stash clear
$ git stash list

$ git stash
Saved working directory and index state WIP on feature/git-test: c43f0c0 adding python basics

$ git stash list
stash@{0}: WIP on feature/git-test: c43f0c0 adding python basics

# Recover Deleted Branch or Commit
Use git reflog to find lost commits:

$ git reflog # find all the actions of the user in git! & get the commit id of deleted branch
# Once you find the commit before the merge/deleted branch, you can recreate the branch:
$ git checkout -b feature-branch abc123
$git log --graph --oneline --all   # to view in graph and one line way

# how to delete a branch

$ git branch
  feature/basic-python
  feature/git-test
* feature/terraform-recap
  main

# locally delete the branch
$ git branch -d feature/git-test
$ git branch -D feature/git-test # force delete
Deleted branch feature/git-test (was 77bf438).

#Push the locally deleted to remote
$ git push origin --delete feature/git-test
To https://github.com/kalindalapreethiyadav/system_desgin.git
 - [deleted]         feature/git-test

$ git branch
  feature/basic-python
* feature/terraform-recap
  main

$ git status
    On branch feature/basic-python
    Your branch is up to date with 'origin/feature/basic-python'.

    Changes not staged for commit:
    (use "git add <file>..." to update what will be committed)
    (use "git restore <file>..." to discard changes in working directory)
            modified:   python/README.md

    Untracked files:
    (use "git add <file>..." to include in what will be committed)
            git-commands/

    no changes added to commit (use "git add" and/or "git commit -a")

    vs 

    $ git status
        On branch feature/basic-python
        Your branch is up to date with 'origin/feature/basic-python'.

        Changes to be committed:
        (use "git restore --staged <file>..." to unstage)
                new file:   git-commands/commands

        Changes not staged for commit:
        (use "git add <file>..." to update what will be committed)
        (use "git restore <file>..." to discard changes in working directory)
                modified:   python/README.md

$ git revert 5524b96
[feature/git-test e5672de] Revert "commit-error"
 1 file changed, 1 deletion(-)


git checkout feature
git fetch origin
git rebase origin/main


git log --oneline  #Find the commit:

Tag: Git tags are commonly used to mark releases such as v1.0.0, v2.1.3, etc.

git add .
git commit -m "Complete release features"
git tag -a v1.0.0 -m "Release 1.0.0"

# Push code
git push origin main

# Push tag
git push origin v1.0.0


# List all tags
git tag

# Create a lightweight tag
git tag v1.0.0

# Create an annotated tag (recommended)
git tag -a v1.0.0 -m "Release version 1.0.0"

# Create a tag on a specific commit
git tag -a v1.0.0 <commit-hash> -m "Release version 1.0.0"

# View tag details
git show v1.0.0

# Push a specific tag to remote
git push origin v1.0.0

# Push all tags to remote
git push origin --tags

# Delete a local tag
git tag -d v1.0.0

# Delete a remote tag
git push origin --delete v1.0.0

# Checkout a tag (detached HEAD)
git checkout v1.0.0

# Create a branch from a tag
git checkout -b hotfix-v1.0.0 v1.0.0

Reset vs Revert:

git reset --soft HEAD~1    #Fix last commit message
git commit -m "Correct message"
******************
git reset HEAD~1  #Undo commit but keep code
******************
git reset --hard HEAD~1  #Throw away last commit completely
******************
git revert <commit-hash>  #Undo a pushed commit safely
git push origin main